#-----------------------------------------------------------
# Vivado v2018.2 (64-bit)
# SW Build 2258646 on Thu Jun 14 20:03:12 MDT 2018
# IP Build 2256618 on Thu Jun 14 22:10:49 MDT 2018
# Start of session at: Sun May 18 15:04:56 2025
# Process ID: 17708
# Current directory: E:/Github/NanoProcessor
# Command line: vivado.exe -gui_launcher_event rodinguilauncherevent23044 E:\Github\NanoProcessor\Lab 9-10.xpr
# Log file: E:/Github/NanoProcessor/vivado.log
# Journal file: E:/Github/NanoProcessor\vivado.jou
#-----------------------------------------------------------
start_gui
open_project {E:/Github/NanoProcessor/Lab 9-10.xpr}
update_compile_order -fileset sources_1
close [ open {E:/Github/NanoProcessor/Lab 9-10.srcs/sources_1/new/Comp_4.vhd} w ]
add_files {{E:/Github/NanoProcessor/Lab 9-10.srcs/sources_1/new/Comp_4.vhd}}
update_compile_order -fileset sources_1
close [ open {E:/Github/NanoProcessor/Lab 9-10.srcs/sources_1/new/Comp_1.vhd} w ]
add_files {{E:/Github/NanoProcessor/Lab 9-10.srcs/sources_1/new/Comp_1.vhd}}
update_compile_order -fileset sources_1
update_compile_order -fileset sources_1
close [ open {E:/Github/NanoProcessor/Lab 9-10.srcs/sources_1/new/Mux_4_4.vhd} w ]
add_files {{E:/Github/NanoProcessor/Lab 9-10.srcs/sources_1/new/Mux_4_4.vhd}}
update_compile_order -fileset sources_1
update_compile_order -fileset sources_1
close [ open {E:/Github/NanoProcessor/Lab 9-10.srcs/sources_1/new/Multiplier.vhd} w ]
add_files {{E:/Github/NanoProcessor/Lab 9-10.srcs/sources_1/new/Multiplier.vhd}}
update_compile_order -fileset sources_1
update_compile_order -fileset sources_1
update_compile_order -fileset sources_1
update_compile_order -fileset sources_1
update_compile_order -fileset sources_1
set_property SOURCE_SET sources_1 [get_filesets sim_1]
close [ open {E:/Github/NanoProcessor/Lab 9-10.srcs/sim_1/new/TB_Comp_4.vhd} w ]
add_files -fileset sim_1 {{E:/Github/NanoProcessor/Lab 9-10.srcs/sim_1/new/TB_Comp_4.vhd}}
update_compile_order -fileset sim_1
# Disabling source management mode.  This is to allow the top design properties to be set without GUI intervention.
set_property source_mgmt_mode None [current_project]
set_property top TB_Comp_4 [get_filesets sim_1]
set_property top_lib xil_defaultlib [get_filesets sim_1]
# Re-enabling previously disabled source management mode.
set_property source_mgmt_mode All [current_project]
update_compile_order -fileset sim_1
# Disabling source management mode.  This is to allow the top design properties to be set without GUI intervention.
set_property source_mgmt_mode None [current_project]
set_property top Comp_4 [current_fileset]
# Re-enabling previously disabled source management mode.
set_property source_mgmt_mode All [current_project]
update_compile_order -fileset sources_1
launch_simulation
source TB_Comp_4.tcl
# Disabling source management mode.  This is to allow the top design properties to be set without GUI intervention.
set_property source_mgmt_mode None [current_project]
set_property top Nano_Processor [current_fileset]
# Re-enabling previously disabled source management mode.
set_property source_mgmt_mode All [current_project]
# Disabling source management mode.  This is to allow the top design properties to be set without GUI intervention.
set_property source_mgmt_mode None [current_project]
set_property top TB_Nano_Processor [get_filesets sim_1]
set_property top_lib xil_defaultlib [get_filesets sim_1]
# Re-enabling previously disabled source management mode.
set_property source_mgmt_mode All [current_project]
update_compile_order -fileset sources_1
update_compile_order -fileset sim_1
launch_simulation
source TB_Nano_Processor.tcl
close_sim
launch_simulation
source TB_Nano_Processor.tcl
close_sim
launch_simulation
launch_simulation
launch_simulation
source TB_Nano_Processor.tcl
close_sim
launch_simulation
source TB_Nano_Processor.tcl
close_sim
launch_simulation
launch_simulation
launch_simulation
launch_simulation
source TB_Nano_Processor.tcl
close_sim
launch_simulation
source TB_Nano_Processor.tcl
import_files -norecurse C:/Users/DOWNLOAD/Documents/Multiplier/Multiplier.srcs/sources_1/new/Multiplier_4.vhd
update_compile_order -fileset sources_1
update_compile_order -fileset sources_1
close_sim
launch_simulation
launch_simulation
launch_simulation
source TB_Nano_Processor.tcl
close_sim
launch_simulation
source TB_Nano_Processor.tcl
close_sim
launch_simulation
source TB_Nano_Processor.tcl
close_sim
launch_simulation
source TB_Nano_Processor.tcl
close_sim
launch_simulation
source TB_Nano_Processor.tcl
close_sim
launch_simulation
source TB_Nano_Processor.tcl
close_sim
launch_simulation
source TB_Nano_Processor.tcl
close_sim
launch_simulation
source TB_Nano_Processor.tcl
close_sim
launch_simulation
source TB_Nano_Processor.tcl
close_sim
launch_simulation
source TB_Nano_Processor.tcl
# Disabling source management mode.  This is to allow the top design properties to be set without GUI intervention.
set_property source_mgmt_mode None [current_project]
set_property top TB_Instruction_Decoder [get_filesets sim_1]
set_property top_lib xil_defaultlib [get_filesets sim_1]
# Re-enabling previously disabled source management mode.
set_property source_mgmt_mode All [current_project]
# Disabling source management mode.  This is to allow the top design properties to be set without GUI intervention.
set_property source_mgmt_mode None [current_project]
set_property top Instruction_Decoder [current_fileset]
# Re-enabling previously disabled source management mode.
set_property source_mgmt_mode All [current_project]
update_compile_order -fileset sim_1
update_compile_order -fileset sources_1
launch_simulation
source TB_Instruction_Decoder.tcl
close_sim
launch_simulation
source TB_Instruction_Decoder.tcl
close_sim
launch_simulation
source TB_Instruction_Decoder.tcl
# Disabling source management mode.  This is to allow the top design properties to be set without GUI intervention.
set_property source_mgmt_mode None [current_project]
set_property top Nano_Processor [current_fileset]
# Re-enabling previously disabled source management mode.
set_property source_mgmt_mode All [current_project]
update_compile_order -fileset sources_1
# Disabling source management mode.  This is to allow the top design properties to be set without GUI intervention.
set_property source_mgmt_mode None [current_project]
set_property top TB_Nano_Processor [get_filesets sim_1]
set_property top_lib xil_defaultlib [get_filesets sim_1]
# Re-enabling previously disabled source management mode.
set_property source_mgmt_mode All [current_project]
update_compile_order -fileset sim_1
current_sim simulation_17
close_sim
launch_simulation
source TB_Nano_Processor.tcl
close_sim
launch_simulation
source TB_Nano_Processor.tcl
close_sim
current_sim simulation_20
close_sim
close_sim
